kotlin version: 2.0.21
error message: java.util.zip.ZipException: zip END header not found
	at java.base/java.util.zip.ZipFile$Source.findEND(Unknown Source)
	at java.base/java.util.zip.ZipFile$Source.initCEN(Unknown Source)
	at java.base/java.util.zip.ZipFile$Source.<init>(Unknown Source)
	at java.base/java.util.zip.ZipFile$Source.get(Unknown Source)
	at java.base/java.util.zip.ZipFile$CleanableResource.<init>(Unknown Source)
	at java.base/java.util.zip.ZipFile.<init>(Unknown Source)
	at java.base/java.util.zip.ZipFile.<init>(Unknown Source)
	at java.base/java.util.zip.ZipFile.<init>(Unknown Source)
	at org.jetbrains.kotlin.util.ServiceLoaderLite.findImplementationsInJar(ServiceLoaderLite.kt:95)
	at org.jetbrains.kotlin.util.ServiceLoaderLite.findImplementations(ServiceLoaderLite.kt:79)
	at org.jetbrains.kotlin.util.ServiceLoaderLite.findImplementations(ServiceLoaderLite.kt:71)
	at org.jetbrains.kotlin.util.ServiceLoaderLite.loadImplementations(ServiceLoaderLite.kt:50)
	at org.jetbrains.kotlin.util.ServiceLoaderLite.loadImplementations(ServiceLoaderLite.kt:44)
	at org.jetbrains.kotlin.cli.jvm.plugins.PluginCliParser.loadPluginsLegacyStyle(PluginCliParser.kt:141)
	at org.jetbrains.kotlin.cli.jvm.plugins.PluginCliParser.loadPluginsSafe(PluginCliParser.kt:57)
	at org.jetbrains.kotlin.cli.common.CLICompiler.loadPlugins(CLICompiler.kt:216)
	at org.jetbrains.kotlin.cli.jvm.K2JVMCompiler.doExecute(K2JVMCompiler.kt:59)
	at org.jetbrains.kotlin.cli.jvm.K2JVMCompiler.doExecute(K2JVMCompiler.kt:43)
	at org.jetbrains.kotlin.cli.common.CLICompiler.execImpl(CLICompiler.kt:103)
	at org.jetbrains.kotlin.cli.common.CLICompiler.execImpl(CLICompiler.kt:49)
	at org.jetbrains.kotlin.cli.common.CLITool.exec(CLITool.kt:101)
	at org.jetbrains.kotlin.incremental.IncrementalJvmCompilerRunner.runCompiler(IncrementalJvmCompilerRunner.kt:464)
	at org.jetbrains.kotlin.incremental.IncrementalJvmCompilerRunner.runCompiler(IncrementalJvmCompilerRunner.kt:73)
	at org.jetbrains.kotlin.incremental.IncrementalCompilerRunner.doCompile(IncrementalCompilerRunner.kt:506)
	at org.jetbrains.kotlin.incremental.IncrementalCompilerRunner.compileImpl(IncrementalCompilerRunner.kt:423)
	at org.jetbrains.kotlin.incremental.IncrementalCompilerRunner.compileNonIncrementally(IncrementalCompilerRunner.kt:301)
	at org.jetbrains.kotlin.incremental.IncrementalCompilerRunner.compile(IncrementalCompilerRunner.kt:129)
	at org.jetbrains.kotlin.daemon.CompileServiceImplBase.execIncrementalCompiler(CompileServiceImpl.kt:675)
	at org.jetbrains.kotlin.daemon.CompileServiceImplBase.access$execIncrementalCompiler(CompileServiceImpl.kt:92)
	at org.jetbrains.kotlin.daemon.CompileServiceImpl.compile(CompileServiceImpl.kt:1660)
	at java.base/jdk.internal.reflect.DirectMethodHandleAccessor.invoke(Unknown Source)
	at java.base/java.lang.reflect.Method.invoke(Unknown Source)
	at java.rmi/sun.rmi.server.UnicastServerRef.dispatch(Unknown Source)
	at java.rmi/sun.rmi.transport.Transport.serviceCall(Unknown Source)
	at java.rmi/sun.rmi.transport.tcp.TCPTransport.handleMessages(Unknown Source)
	at java.rmi/sun.rmi.transport.tcp.TCPTransport$ConnectionHandler.run0(Unknown Source)
	at java.rmi/sun.rmi.transport.tcp.TCPTransport$ConnectionHandler.run(Unknown Source)
	at java.base/java.util.concurrent.ThreadPoolExecutor.runWorker(Unknown Source)
	at java.base/java.util.concurrent.ThreadPoolExecutor$Worker.run(Unknown Source)
	at java.base/java.lang.Thread.run(Unknown Source)


